{"contractName": "C", "abi": [{"constant": false, "inputs": [], "name": "f", "outputs": [], "payable": false, "stateMutability": "nonpayable", "type": "function"}], "bytecode": "0x6080604052348015600f57600080fd5b50606380601d6000396000f3fe6080604052348015600f57600080fd5b506004361060285760003560e01c806326121ff014602d575b600080fd5b60336035565b005b56fe", "deployedBytecode": "0x6080604052348015600f57600080fd5b506004361060285760003560e01c806326121ff014602d575b600080fd5b60336035565b005b56fe", "ast": {"absolutePath": "contract.sol", "exportedSymbols": {"C": [5]}, "id": 6, "nodeType": "SourceUnit", "nodes": [{"baseContracts": [], "contractDependencies": [], "contractKind": "contract", "documentation": null, "fullyImplemented": true, "id": 5, "linearizedBaseContracts": [5], "name": "C", "nodeType": "ContractDefinition", "nodes": [{"body": {"id": 3, "nodeType": "Block", "src": "37:8:0", "statements": []}, "documentation": null, "id": 4, "implemented": true, "kind": "function", "modifiers": [], "name": "f", "nodeType": "FunctionDefinition", "parameters": {"id": 1, "nodeType": "ParameterList", "parameters": [], "src": "26:2:0"}, "returnParameters": {"id": 2, "nodeType": "ParameterList", "parameters": [], "src": "37:0:0"}, "scope": 5, "src": "16:29:0", "stateMutability": "nonpayable", "superFunction": null, "visibility": "external"}], "scope": 6, "src": "0:47:0"}], "src": "0:48:0"}, "userdoc": {"methods": {}, "notice": null}, "devdoc": {"methods": {}, "author": null, "details": null, "title": null}}